###############################################################################
#
# IAR ELF Linker V7.80.2.11947/W32 for ARM                16/Mar/2017  09:44:50
# Copyright 2007-2016 IAR Systems AB.
#
#    Output file  =  
#        C:\Users\Xuan Thiep\Desktop\Multi External Interrupt\EWARM\Multi
#        External Interrupt\Exe\Multi External Interrupt.out
#    Map file     =  
#        C:\Users\Xuan Thiep\Desktop\Multi External Interrupt\EWARM\Multi
#        External Interrupt\List\Multi External Interrupt.map
#    Command line =  
#        "C:\Users\Xuan Thiep\Desktop\Multi External Interrupt\EWARM\Multi
#        External Interrupt\Obj\main.o" "C:\Users\Xuan Thiep\Desktop\Multi
#        External Interrupt\EWARM\Multi External
#        Interrupt\Obj\startup_stm32f407xx.o" "C:\Users\Xuan
#        Thiep\Desktop\Multi External Interrupt\EWARM\Multi External
#        Interrupt\Obj\stm32f4xx_hal.o" "C:\Users\Xuan Thiep\Desktop\Multi
#        External Interrupt\EWARM\Multi External
#        Interrupt\Obj\stm32f4xx_hal_cortex.o" "C:\Users\Xuan
#        Thiep\Desktop\Multi External Interrupt\EWARM\Multi External
#        Interrupt\Obj\stm32f4xx_hal_dma.o" "C:\Users\Xuan Thiep\Desktop\Multi
#        External Interrupt\EWARM\Multi External
#        Interrupt\Obj\stm32f4xx_hal_dma_ex.o" "C:\Users\Xuan
#        Thiep\Desktop\Multi External Interrupt\EWARM\Multi External
#        Interrupt\Obj\stm32f4xx_hal_flash.o" "C:\Users\Xuan
#        Thiep\Desktop\Multi External Interrupt\EWARM\Multi External
#        Interrupt\Obj\stm32f4xx_hal_flash_ex.o" "C:\Users\Xuan
#        Thiep\Desktop\Multi External Interrupt\EWARM\Multi External
#        Interrupt\Obj\stm32f4xx_hal_flash_ramfunc.o" "C:\Users\Xuan
#        Thiep\Desktop\Multi External Interrupt\EWARM\Multi External
#        Interrupt\Obj\stm32f4xx_hal_gpio.o" "C:\Users\Xuan Thiep\Desktop\Multi
#        External Interrupt\EWARM\Multi External
#        Interrupt\Obj\stm32f4xx_hal_msp.o" "C:\Users\Xuan Thiep\Desktop\Multi
#        External Interrupt\EWARM\Multi External
#        Interrupt\Obj\stm32f4xx_hal_pwr.o" "C:\Users\Xuan Thiep\Desktop\Multi
#        External Interrupt\EWARM\Multi External
#        Interrupt\Obj\stm32f4xx_hal_pwr_ex.o" "C:\Users\Xuan
#        Thiep\Desktop\Multi External Interrupt\EWARM\Multi External
#        Interrupt\Obj\stm32f4xx_hal_rcc.o" "C:\Users\Xuan Thiep\Desktop\Multi
#        External Interrupt\EWARM\Multi External
#        Interrupt\Obj\stm32f4xx_hal_rcc_ex.o" "C:\Users\Xuan
#        Thiep\Desktop\Multi External Interrupt\EWARM\Multi External
#        Interrupt\Obj\stm32f4xx_hal_tim.o" "C:\Users\Xuan Thiep\Desktop\Multi
#        External Interrupt\EWARM\Multi External
#        Interrupt\Obj\stm32f4xx_hal_tim_ex.o" "C:\Users\Xuan
#        Thiep\Desktop\Multi External Interrupt\EWARM\Multi External
#        Interrupt\Obj\stm32f4xx_it.o" "C:\Users\Xuan Thiep\Desktop\Multi
#        External Interrupt\EWARM\Multi External
#        Interrupt\Obj\system_stm32f4xx.o" --redirect _Printf=_PrintfFull
#        --redirect _Scanf=_ScanfFull -o "C:\Users\Xuan Thiep\Desktop\Multi
#        External Interrupt\EWARM\Multi External Interrupt\Exe\Multi External
#        Interrupt.out" --map "C:\Users\Xuan Thiep\Desktop\Multi External
#        Interrupt\EWARM\Multi External Interrupt\List\Multi External
#        Interrupt.map" --config "C:\Users\Xuan Thiep\Desktop\Multi External
#        Interrupt\EWARM/stm32f407xx_flash.icf" --semihosting --entry
#        __iar_program_start --vfe
#
###############################################################################

*******************************************************************************
*** RUNTIME MODEL ATTRIBUTES
***

CppFlavor       = *
__SystemLibrary = DLib


*******************************************************************************
*** PLACEMENT SUMMARY
***

"A0":  place at 0x08000000 { ro section .intvec };
"P1":  place in [from 0x08000000 to 0x080fffff] { ro };
"P2":  place in [from 0x20000000 to 0x2001ffff] { rw, block CSTACK, block HEAP };
initialize by copy { rw };

  Section            Kind        Address   Size  Object
  -------            ----        -------   ----  ------
"A0":                                     0x188
  .intvec            ro code  0x08000000  0x188  startup_stm32f407xx.o [1]
                            - 0x08000188  0x188

"P1":                                     0xc20
  .text              ro code  0x08000188  0x298  stm32f4xx_hal_rcc.o [1]
  .text              ro code  0x08000420    0xc  stm32f4xx_hal.o [1]
  .text              ro code  0x0800042c  0x1f0  stm32f4xx_hal_gpio.o [1]
  .text              ro code  0x0800061c  0x180  main.o [1]
  .text              ro code  0x0800079c   0x34  stm32f4xx_hal.o [1]
  .text              ro code  0x080007d0   0xde  stm32f4xx_hal_cortex.o [1]
  .text              ro code  0x080008b0  0x1b0  stm32f4xx_hal_rcc.o [1]
  .text              ro code  0x08000a60   0x28  stm32f4xx_hal.o [1]
  .text              ro code  0x08000a88   0x60  stm32f4xx_hal_msp.o [1]
  .text              ro code  0x08000ae8   0x50  system_stm32f4xx.o [1]
  .text              ro code  0x08000b38   0x36  stm32f4xx_it.o [1]
  .text              ro code  0x08000b70   0x10  stm32f4xx_hal.o [1]
  .text              ro code  0x08000b80   0x2c  copy_init3.o [5]
  .text              ro code  0x08000bac   0x28  data_init.o [5]
  .text              ro code  0x08000bd4   0x22  fpinit_M.o [4]
  .iar.init_table    const    0x08000bf8   0x14  - Linker created -
  .text              ro code  0x08000c0c   0x1a  cmain.o [5]
  .text              ro code  0x08000c26    0x4  low_level_init.o [3]
  .text              ro code  0x08000c2a    0x4  exit.o [3]
  .text              ro code  0x08000c30    0xa  cexit.o [5]
  .text              ro code  0x08000c3c   0x14  exit.o [6]
  .text              ro code  0x08000c50   0x10  startup_stm32f407xx.o [1]
  .text              ro code  0x08000c60    0xc  cstartup_M.o [5]
  Initializer bytes  const    0x08000c6c    0x8  <for P2-1>
  .text              ro code  0x08000c74    0x4  startup_stm32f407xx.o [1]
  .text              ro code  0x08000c78    0x4  startup_stm32f407xx.o [1]
  .text              ro code  0x08000c7c    0x4  startup_stm32f407xx.o [1]
  .text              ro code  0x08000c80    0x4  startup_stm32f407xx.o [1]
  .text              ro code  0x08000c84    0x4  startup_stm32f407xx.o [1]
  .text              ro code  0x08000c88    0x4  startup_stm32f407xx.o [1]
  .text              ro code  0x08000c8c    0x4  startup_stm32f407xx.o [1]
  .text              ro code  0x08000c90    0x4  startup_stm32f407xx.o [1]
  .text              ro code  0x08000c94    0x4  startup_stm32f407xx.o [1]
  .text              ro code  0x08000c98    0x4  startup_stm32f407xx.o [1]
  .text              ro code  0x08000c9c    0x4  startup_stm32f407xx.o [1]
  .text              ro code  0x08000ca0    0x4  startup_stm32f407xx.o [1]
  .text              ro code  0x08000ca4    0x4  startup_stm32f407xx.o [1]
  .text              ro code  0x08000ca8    0x4  startup_stm32f407xx.o [1]
  .text              ro code  0x08000cac    0x4  startup_stm32f407xx.o [1]
  .text              ro code  0x08000cb0    0x4  startup_stm32f407xx.o [1]
  .text              ro code  0x08000cb4    0x4  startup_stm32f407xx.o [1]
  .text              ro code  0x08000cb8    0x4  startup_stm32f407xx.o [1]
  .text              ro code  0x08000cbc    0x4  startup_stm32f407xx.o [1]
  .text              ro code  0x08000cc0    0x4  startup_stm32f407xx.o [1]
  .text              ro code  0x08000cc4    0x4  startup_stm32f407xx.o [1]
  .text              ro code  0x08000cc8    0x4  startup_stm32f407xx.o [1]
  .text              ro code  0x08000ccc    0x4  startup_stm32f407xx.o [1]
  .text              ro code  0x08000cd0    0x4  startup_stm32f407xx.o [1]
  .text              ro code  0x08000cd4    0x4  startup_stm32f407xx.o [1]
  .text              ro code  0x08000cd8    0x4  startup_stm32f407xx.o [1]
  .text              ro code  0x08000cdc    0x4  startup_stm32f407xx.o [1]
  .text              ro code  0x08000ce0    0x4  startup_stm32f407xx.o [1]
  .text              ro code  0x08000ce4    0x4  startup_stm32f407xx.o [1]
  .text              ro code  0x08000ce8    0x4  startup_stm32f407xx.o [1]
  .text              ro code  0x08000cec    0x4  startup_stm32f407xx.o [1]
  .text              ro code  0x08000cf0    0x4  startup_stm32f407xx.o [1]
  .text              ro code  0x08000cf4    0x4  startup_stm32f407xx.o [1]
  .text              ro code  0x08000cf8    0x4  startup_stm32f407xx.o [1]
  .text              ro code  0x08000cfc    0x4  startup_stm32f407xx.o [1]
  .text              ro code  0x08000d00    0x4  startup_stm32f407xx.o [1]
  .text              ro code  0x08000d04    0x4  startup_stm32f407xx.o [1]
  .text              ro code  0x08000d08    0x4  startup_stm32f407xx.o [1]
  .text              ro code  0x08000d0c    0x4  startup_stm32f407xx.o [1]
  .text              ro code  0x08000d10    0x4  startup_stm32f407xx.o [1]
  .text              ro code  0x08000d14    0x4  startup_stm32f407xx.o [1]
  .text              ro code  0x08000d18    0x4  startup_stm32f407xx.o [1]
  .text              ro code  0x08000d1c    0x4  startup_stm32f407xx.o [1]
  .text              ro code  0x08000d20    0x4  startup_stm32f407xx.o [1]
  .text              ro code  0x08000d24    0x4  startup_stm32f407xx.o [1]
  .text              ro code  0x08000d28    0x4  startup_stm32f407xx.o [1]
  .text              ro code  0x08000d2c    0x4  startup_stm32f407xx.o [1]
  .text              ro code  0x08000d30    0x4  startup_stm32f407xx.o [1]
  .text              ro code  0x08000d34    0x4  startup_stm32f407xx.o [1]
  .text              ro code  0x08000d38    0x4  startup_stm32f407xx.o [1]
  .text              ro code  0x08000d3c    0x4  startup_stm32f407xx.o [1]
  .text              ro code  0x08000d40    0x4  startup_stm32f407xx.o [1]
  .text              ro code  0x08000d44    0x4  startup_stm32f407xx.o [1]
  .text              ro code  0x08000d48    0x4  startup_stm32f407xx.o [1]
  .text              ro code  0x08000d4c    0x4  startup_stm32f407xx.o [1]
  .text              ro code  0x08000d50    0x4  startup_stm32f407xx.o [1]
  .text              ro code  0x08000d54    0x4  startup_stm32f407xx.o [1]
  .text              ro code  0x08000d58    0x4  startup_stm32f407xx.o [1]
  .text              ro code  0x08000d5c    0x4  startup_stm32f407xx.o [1]
  .text              ro code  0x08000d60    0x4  startup_stm32f407xx.o [1]
  .text              ro code  0x08000d64    0x4  startup_stm32f407xx.o [1]
  .text              ro code  0x08000d68    0x4  startup_stm32f407xx.o [1]
  .text              ro code  0x08000d6c    0x4  startup_stm32f407xx.o [1]
  .text              ro code  0x08000d70    0x4  startup_stm32f407xx.o [1]
  .text              ro code  0x08000d74    0x4  startup_stm32f407xx.o [1]
  .text              ro code  0x08000d78    0x4  startup_stm32f407xx.o [1]
  .text              ro code  0x08000d7c    0x4  startup_stm32f407xx.o [1]
  .text              ro code  0x08000d80    0x4  startup_stm32f407xx.o [1]
  .text              ro code  0x08000d84    0x4  startup_stm32f407xx.o [1]
  .text              ro code  0x08000d88    0x4  startup_stm32f407xx.o [1]
  .text              ro code  0x08000d8c    0x4  startup_stm32f407xx.o [1]
  .text              ro code  0x08000d90    0x4  startup_stm32f407xx.o [1]
  .text              ro code  0x08000d94    0x4  startup_stm32f407xx.o [1]
  .text              ro code  0x08000d98    0x4  startup_stm32f407xx.o [1]
  .text              ro code  0x08000d9c    0x4  startup_stm32f407xx.o [1]
  .text              ro code  0x08000da0    0x4  startup_stm32f407xx.o [1]
  .text              ro code  0x08000da4    0x4  startup_stm32f407xx.o [1]
  .rodata            const    0x08000da8    0x0  copy_init3.o [5]
                            - 0x08000da8  0xc20

"P2", part 1 of 2:                          0x8
  P2-1                        0x20000000    0x8  <Init block>
    .data            inited   0x20000000    0x4  system_stm32f4xx.o [1]
    .bss             inited   0x20000004    0x4  stm32f4xx_hal.o [1]
                            - 0x20000008    0x8

"P2", part 2 of 2:                        0x400
  CSTACK                      0x20000008  0x400  <Block>
    CSTACK           uninit   0x20000008  0x400  <Block tail>
                            - 0x20000408  0x400


*******************************************************************************
*** INIT TABLE
***

          Address     Size
          -------     ----
Copy (__iar_copy_init3)
    1 source range, total size 0x8:
          0x08000c6c   0x8
    1 destination range, total size 0x8:
          0x20000000   0x8



*******************************************************************************
*** MODULE SUMMARY
***

    Module                  ro code  ro data  rw data
    ------                  -------  -------  -------
C:\Users\Xuan Thiep\Desktop\Multi External Interrupt\EWARM\Multi External Interrupt\Obj: [1]
    main.o                      384
    startup_stm32f407xx.o       716
    stm32f4xx_hal.o             120        4        4
    stm32f4xx_hal_cortex.o      222
    stm32f4xx_hal_gpio.o        496
    stm32f4xx_hal_msp.o          96
    stm32f4xx_hal_rcc.o       1 096
    stm32f4xx_it.o               54
    system_stm32f4xx.o           80        4        4
    -------------------------------------------------
    Total:                    3 264        8        8

command line: [2]
    -------------------------------------------------
    Total:

dl7M_tlf.a: [3]
    exit.o                        4
    low_level_init.o              4
    -------------------------------------------------
    Total:                        8

m7M_tls.a: [4]
    fpinit_M.o                   34
    -------------------------------------------------
    Total:                       34

rt7M_tl.a: [5]
    cexit.o                      10
    cmain.o                      26
    copy_init3.o                 44
    cstartup_M.o                 12
    data_init.o                  40
    -------------------------------------------------
    Total:                      132

shb_l.a: [6]
    exit.o                       20
    -------------------------------------------------
    Total:                       20

    Gaps                          8        2
    Linker created                        20    1 024
-----------------------------------------------------
    Grand Total:              3 466       30    1 032


*******************************************************************************
*** ENTRY LIST
***

Entry                      Address   Size  Type      Object
-----                      -------   ----  ----      ------
.iar.init_table$$Base   0x08000bf8          --   Gb  - Linker created -
.iar.init_table$$Limit  0x08000c0c          --   Gb  - Linker created -
?main                   0x08000c0d         Code  Gb  cmain.o [5]
APBAHBPrescTable        0x080009fc   0x10  Data  Gb  stm32f4xx_hal_rcc.o [1]
BusFault_Handler        0x08000b3f    0x2  Code  Gb  stm32f4xx_it.o [1]
CSTACK$$Base            0x20000008          --   Gb  - Linker created -
CSTACK$$Limit           0x20000408          --   Gb  - Linker created -
DebugMon_Handler        0x08000b45    0x2  Code  Gb  stm32f4xx_it.o [1]
EXTI0_IRQHandler        0x08000b57    0x6  Code  Gb  stm32f4xx_it.o [1]
EXTI1_IRQHandler        0x08000b5d    0x6  Code  Gb  stm32f4xx_it.o [1]
EXTI2_IRQHandler        0x08000b63    0x6  Code  Gb  stm32f4xx_it.o [1]
EXTI3_IRQHandler        0x08000b69    0x6  Code  Gb  stm32f4xx_it.o [1]
HAL_GPIO_EXTI_Callback  0x08000757   0x30  Code  Gb  main.o [1]
HAL_GPIO_EXTI_IRQHandler
                        0x080005dd   0x10  Code  Gb  stm32f4xx_hal_gpio.o [1]
HAL_GPIO_Init           0x0800042d  0x1a4  Code  Gb  stm32f4xx_hal_gpio.o [1]
HAL_GPIO_ReadPin        0x080005d1    0xc  Code  Gb  stm32f4xx_hal_gpio.o [1]
HAL_GetTick             0x08000421    0xc  Code  Wk  stm32f4xx_hal.o [1]
HAL_IncTick             0x08000b71   0x10  Code  Wk  stm32f4xx_hal.o [1]
HAL_Init                0x0800079d   0x30  Code  Gb  stm32f4xx_hal.o [1]
HAL_InitTick            0x08000a61   0x28  Code  Wk  stm32f4xx_hal.o [1]
HAL_MspInit             0x08000a89   0x60  Code  Gb  stm32f4xx_hal_msp.o [1]
HAL_NVIC_EnableIRQ      0x0800083f    0xc  Code  Gb  stm32f4xx_hal_cortex.o [1]
HAL_NVIC_SetPriority    0x08000805   0x3a  Code  Gb  stm32f4xx_hal_cortex.o [1]
HAL_NVIC_SetPriorityGrouping
                        0x080007eb   0x1a  Code  Gb  stm32f4xx_hal_cortex.o [1]
HAL_RCC_ClockConfig     0x080008b1  0x12c  Code  Gb  stm32f4xx_hal_rcc.o [1]
HAL_RCC_GetHCLKFreq     0x080009eb    0x6  Code  Gb  stm32f4xx_hal_rcc.o [1]
HAL_RCC_GetSysClockFreq
                        0x08000a0d   0x54  Code  Wk  stm32f4xx_hal_rcc.o [1]
HAL_RCC_OscConfig       0x08000189  0x298  Code  Wk  stm32f4xx_hal_rcc.o [1]
HAL_SYSTICK_CLKSourceConfig
                        0x0800087b   0x14  Code  Gb  stm32f4xx_hal_cortex.o [1]
HAL_SYSTICK_Callback    0x080008ad    0x2  Code  Wk  stm32f4xx_hal_cortex.o [1]
HAL_SYSTICK_Config      0x08000853   0x28  Code  Gb  stm32f4xx_hal_cortex.o [1]
HAL_SYSTICK_IRQHandler  0x080008a9    0x4  Code  Gb  stm32f4xx_hal_cortex.o [1]
HardFault_Handler       0x08000b3b    0x2  Code  Gb  stm32f4xx_it.o [1]
MemManage_Handler       0x08000b3d    0x2  Code  Gb  stm32f4xx_it.o [1]
NMI_Handler             0x08000b39    0x2  Code  Gb  stm32f4xx_it.o [1]
NVIC_SetPriority        0x080007d1   0x1a  Code  Lc  stm32f4xx_hal_cortex.o [1]
PendSV_Handler          0x08000b47    0x2  Code  Gb  stm32f4xx_it.o [1]
Region$$Table$$Base     0x08000bf8          --   Gb  - Linker created -
Region$$Table$$Limit    0x08000c0c          --   Gb  - Linker created -
SVC_Handler             0x08000b43    0x2  Code  Gb  stm32f4xx_it.o [1]
SysTick_Handler         0x08000b49    0xe  Code  Gb  stm32f4xx_it.o [1]
SystemClock_Config      0x080006ad   0xaa  Code  Gb  main.o [1]
SystemCoreClock         0x20000000    0x4  Data  Gb  system_stm32f4xx.o [1]
SystemInit              0x08000ae9   0x3a  Code  Gb  system_stm32f4xx.o [1]
UsageFault_Handler      0x08000b41    0x2  Code  Gb  stm32f4xx_it.o [1]
__cmain                 0x08000c0d         Code  Gb  cmain.o [5]
__exit                  0x08000c3d   0x14  Code  Gb  exit.o [6]
__iar_copy_init3        0x08000b81   0x2c  Code  Gb  copy_init3.o [5]
__iar_data_init3        0x08000bad   0x28  Code  Gb  data_init.o [5]
__iar_init_vfp          0x08000bd5         Code  Gb  fpinit_M.o [4]
__iar_program_start     0x08000c61         Code  Gb  cstartup_M.o [5]
__low_level_init        0x08000c27    0x4  Code  Gb  low_level_init.o [3]
__vector_table          0x08000000         Data  Gb  startup_stm32f407xx.o [1]
_call_main              0x08000c19         Code  Gb  cmain.o [5]
_exit                   0x08000c31         Code  Gb  cexit.o [5]
_main                   0x08000c23         Code  Gb  cmain.o [5]
exit                    0x08000c2b    0x4  Code  Gb  exit.o [3]
main                    0x0800061d   0x90  Code  Gb  main.o [1]
uwTick                  0x20000004    0x4  Data  Gb  stm32f4xx_hal.o [1]


[1] = C:\Users\Xuan Thiep\Desktop\Multi External Interrupt\EWARM\Multi External Interrupt\Obj
[2] = command line
[3] = dl7M_tlf.a
[4] = m7M_tls.a
[5] = rt7M_tl.a
[6] = shb_l.a

  3 466 bytes of readonly  code memory
     30 bytes of readonly  data memory
  1 032 bytes of readwrite data memory

Errors: none
Warnings: none
